Grid: 127x64x20 (L=64)
dt=0:05:00, steps=3456 (12 days)
step     1 day  0.00 | ps [  999.61,  1000.39] hPa | |u|max   35.57 m/s | T [ 210.4,  309.8] K | div-asym  0.0e+00 |      7s
step    50 day  0.17 | ps [  999.65,  1000.43] hPa | |u|max   35.10 m/s | T [ 210.3,  309.8] K | div-asym  0.0e+00 |     16s
step   100 day  0.35 | ps [  999.66,  1000.39] hPa | |u|max   35.11 m/s | T [ 210.3,  309.8] K | div-asym  0.0e+00 |     26s
step   150 day  0.52 | ps [  999.70,  1000.39] hPa | |u|max   35.07 m/s | T [ 210.3,  309.8] K | div-asym  0.0e+00 |     36s
step   200 day  0.69 | ps [  999.51,  1000.50] hPa | |u|max   35.03 m/s | T [ 210.4,  309.8] K | div-asym  0.0e+00 |     45s
step   250 day  0.87 | ps [  999.59,  1000.52] hPa | |u|max   35.03 m/s | T [ 210.3,  309.8] K | div-asym  0.0e+00 |     55s
step   300 day  1.04 | ps [  999.63,  1000.33] hPa | |u|max   35.03 m/s | T [ 210.3,  309.8] K | div-asym  0.0e+00 |     65s
step   350 day  1.22 | ps [  999.56,  1000.33] hPa | |u|max   35.02 m/s | T [ 210.3,  309.8] K | div-asym  0.0e+00 |     75s
step   400 day  1.39 | ps [  999.45,  1000.27] hPa | |u|max   35.06 m/s | T [ 210.3,  309.8] K | div-asym  0.0e+00 |     84s
step   450 day  1.56 | ps [  999.36,  1000.45] hPa | |u|max   35.12 m/s | T [ 210.3,  309.8] K | div-asym  0.0e+00 |     94s
step   500 day  1.74 | ps [  999.45,  1000.29] hPa | |u|max   35.06 m/s | T [ 210.3,  309.8] K | div-asym  0.0e+00 |    104s
step   550 day  1.91 | ps [  999.48,  1000.31] hPa | |u|max   35.03 m/s | T [ 210.3,  309.8] K | div-asym  0.0e+00 |    114s
step   600 day  2.08 | ps [  999.35,  1000.43] hPa | |u|max   35.03 m/s | T [ 210.3,  309.8] K | div-asym  0.0e+00 |    124s
step   650 day  2.26 | ps [  999.43,  1000.61] hPa | |u|max   35.05 m/s | T [ 210.3,  309.8] K | div-asym  0.0e+00 |    134s
step   700 day  2.43 | ps [  999.30,  1000.45] hPa | |u|max   35.05 m/s | T [ 210.4,  309.8] K | div-asym  0.0e+00 |    144s
step   750 day  2.60 | ps [  999.20,  1000.46] hPa | |u|max   35.03 m/s | T [ 210.4,  309.8] K | div-asym  0.0e+00 |    154s
step   800 day  2.78 | ps [  999.20,  1000.45] hPa | |u|max   35.08 m/s | T [ 210.3,  309.8] K | div-asym  0.0e+00 |    163s
step   850 day  2.95 | ps [  999.23,  1000.64] hPa | |u|max   35.02 m/s | T [ 210.3,  309.8] K | div-asym  0.0e+00 |    173s
step   900 day  3.12 | ps [  998.97,  1000.68] hPa | |u|max   35.05 m/s | T [ 210.3,  309.8] K | div-asym  0.0e+00 |    183s
step   950 day  3.30 | ps [  998.94,  1000.70] hPa | |u|max   35.08 m/s | T [ 210.3,  309.8] K | div-asym  0.0e+00 |    193s
step  1000 day  3.47 | ps [  998.74,  1000.74] hPa | |u|max   35.04 m/s | T [ 210.3,  309.8] K | div-asym  0.0e+00 |    204s
step  1050 day  3.65 | ps [  998.63,  1000.90] hPa | |u|max   35.07 m/s | T [ 210.3,  309.8] K | div-asym  0.0e+00 |    213s
step  1100 day  3.82 | ps [  998.48,  1001.05] hPa | |u|max   35.07 m/s | T [ 210.3,  309.8] K | div-asym  0.0e+00 |    225s
step  1150 day  3.99 | ps [  998.27,  1001.15] hPa | |u|max   35.05 m/s | T [ 210.3,  309.8] K | div-asym  0.0e+00 |    235s
step  1200 day  4.17 | ps [  998.14,  1001.37] hPa | |u|max   35.10 m/s | T [ 210.4,  309.8] K | div-asym  0.0e+00 |    245s
step  1250 day  4.34 | ps [  997.88,  1001.55] hPa | |u|max   35.07 m/s | T [ 210.3,  309.8] K | div-asym  0.0e+00 |    256s
step  1300 day  4.51 | ps [  997.44,  1001.76] hPa | |u|max   35.06 m/s | T [ 210.3,  309.8] K | div-asym  0.0e+00 |    266s
step  1350 day  4.69 | ps [  997.37,  1002.06] hPa | |u|max   35.10 m/s | T [ 210.3,  309.8] K | div-asym  0.0e+00 |    277s
step  1400 day  4.86 | ps [  996.96,  1002.28] hPa | |u|max   35.05 m/s | T [ 210.4,  309.8] K | div-asym  0.0e+00 |    287s
step  1450 day  5.03 | ps [  996.63,  1002.53] hPa | |u|max   35.10 m/s | T [ 210.3,  309.8] K | div-asym  0.0e+00 |    297s
step  1500 day  5.21 | ps [  996.21,  1002.89] hPa | |u|max   35.14 m/s | T [ 210.4,  309.8] K | div-asym  0.0e+00 |    307s
step  1550 day  5.38 | ps [  995.76,  1003.26] hPa | |u|max   35.14 m/s | T [ 210.4,  309.8] K | div-asym  0.0e+00 |    318s
step  1600 day  5.56 | ps [  995.19,  1003.75] hPa | |u|max   35.15 m/s | T [ 210.3,  309.8] K | div-asym  0.0e+00 |    329s
step  1650 day  5.73 | ps [  994.55,  1004.19] hPa | |u|max   35.21 m/s | T [ 210.3,  309.8] K | div-asym  0.0e+00 |    338s
step  1700 day  5.90 | ps [  993.80,  1004.43] hPa | |u|max   35.25 m/s | T [ 210.4,  309.8] K | div-asym  0.0e+00 |    348s
step  1750 day  6.08 | ps [  993.31,  1005.18] hPa | |u|max   35.30 m/s | T [ 210.3,  309.8] K | div-asym  0.0e+00 |    359s
step  1800 day  6.25 | ps [  992.15,  1005.72] hPa | |u|max   35.34 m/s | T [ 210.3,  309.8] K | div-asym  0.0e+00 |    369s
step  1850 day  6.42 | ps [  991.13,  1006.42] hPa | |u|max   35.39 m/s | T [ 210.3,  309.8] K | div-asym  0.0e+00 |    380s
step  1900 day  6.60 | ps [  990.09,  1007.29] hPa | |u|max   35.49 m/s | T [ 210.3,  309.8] K | div-asym  0.0e+00 |    391s
step  1950 day  6.77 | ps [  988.41,  1007.84] hPa | |u|max   35.54 m/s | T [ 210.3,  309.9] K | div-asym  0.0e+00 |    402s
step  2000 day  6.94 | ps [  986.89,  1008.68] hPa | |u|max   35.63 m/s | T [ 210.3,  309.9] K | div-asym  0.0e+00 |    412s
step  2050 day  7.12 | ps [  985.31,  1009.48] hPa | |u|max   35.73 m/s | T [ 210.3,  309.9] K | div-asym  0.0e+00 |    422s
step  2100 day  7.29 | ps [  983.18,  1010.36] hPa | |u|max   35.82 m/s | T [ 210.3,  309.9] K | div-asym  0.0e+00 |    434s
step  2150 day  7.47 | ps [  980.76,  1011.42] hPa | |u|max   35.95 m/s | T [ 210.3,  309.9] K | div-asym  0.0e+00 |    448s
step  2200 day  7.64 | ps [  977.72,  1012.26] hPa | |u|max   36.14 m/s | T [ 210.4,  309.9] K | div-asym  0.0e+00 |    462s
step  2250 day  7.81 | ps [  974.50,  1013.00] hPa | |u|max   36.29 m/s | T [ 210.4,  309.9] K | div-asym  0.0e+00 |    477s
step  2300 day  7.99 | ps [  971.81,  1013.83] hPa | |u|max   36.52 m/s | T [ 210.3,  309.9] K | div-asym  0.0e+00 |    490s
step  2350 day  8.16 | ps [  966.95,  1014.73] hPa | |u|max   36.77 m/s | T [ 210.3,  309.9] K | div-asym  0.0e+00 |    503s
step  2400 day  8.33 | ps [  962.80,  1015.61] hPa | |u|max   36.94 m/s | T [ 210.3,  309.9] K | div-asym  0.0e+00 |    517s
step  2450 day  8.51 | ps [  960.30,  1016.28] hPa | |u|max   37.29 m/s | T [ 210.3,  309.9] K | div-asym  0.0e+00 |    531s
step  2500 day  8.68 | ps [  953.97,  1016.95] hPa | |u|max   37.60 m/s | T [ 210.4,  310.0] K | div-asym  0.0e+00 |    545s
step  2550 day  8.85 | ps [  949.79,  1018.00] hPa | |u|max   38.15 m/s | T [ 210.3,  310.0] K | div-asym  0.0e+00 |    558s
step  2600 day  9.03 | ps [  947.81,  1019.33] hPa | |u|max   38.53 m/s | T [ 210.3,  310.0] K | div-asym  0.0e+00 |    571s
step  2650 day  9.20 | ps [  941.41,  1020.55] hPa | |u|max   39.47 m/s | T [ 210.3,  310.0] K | div-asym  0.0e+00 |    584s
step  2700 day  9.38 | ps [  937.07,  1021.77] hPa | |u|max   40.27 m/s | T [ 210.3,  310.0] K | div-asym  0.0e+00 |    598s
step  2750 day  9.55 | ps [  934.78,  1022.52] hPa | |u|max   42.68 m/s | T [ 210.4,  310.1] K | div-asym  0.0e+00 |    610s
step  2800 day  9.72 | ps [  931.76,  1023.35] hPa | |u|max   43.91 m/s | T [ 210.3,  310.1] K | div-asym  0.0e+00 |    622s
step  2850 day  9.90 | ps [  926.89,  1024.07] hPa | |u|max   45.18 m/s | T [ 210.3,  310.1] K | div-asym  0.0e+00 |    634s
step  2900 day 10.07 | ps [  923.88,  1024.92] hPa | |u|max   45.62 m/s | T [ 210.4,  310.1] K | div-asym  0.0e+00 |    647s
step  2950 day 10.24 | ps [  922.33,  1025.79] hPa | |u|max   47.62 m/s | T [ 210.4,  310.1] K | div-asym  0.0e+00 |    658s
step  3000 day 10.42 | ps [  921.91,  1026.74] hPa | |u|max   48.19 m/s | T [ 210.4,  310.1] K | div-asym  0.0e+00 |    670s
step  3050 day 10.59 | ps [  922.45,  1027.33] hPa | |u|max   48.51 m/s | T [ 210.3,  310.1] K | div-asym  0.0e+00 |    682s
step  3100 day 10.76 | ps [  923.73,  1028.26] hPa | |u|max   51.87 m/s | T [ 210.4,  310.1] K | div-asym  0.0e+00 |    694s
step  3150 day 10.94 | ps [  924.73,  1028.92] hPa | |u|max   53.82 m/s | T [ 210.4,  310.1] K | div-asym  0.0e+00 |    705s
step  3200 day 11.11 | ps [  925.82,  1029.54] hPa | |u|max   52.86 m/s | T [ 210.4,  310.1] K | div-asym  0.0e+00 |    717s
step  3250 day 11.28 | ps [  925.01,  1030.14] hPa | |u|max   47.84 m/s | T [ 210.4,  310.2] K | div-asym  0.0e+00 |    729s
step  3300 day 11.46 | ps [  925.03,  1030.58] hPa | |u|max   45.31 m/s | T [ 210.4,  310.2] K | div-asym  0.0e+00 |    740s
step  3350 day 11.63 | ps [  925.45,  1031.23] hPa | |u|max   45.85 m/s | T [ 210.3,  310.3] K | div-asym  0.0e+00 |    752s
step  3400 day 11.81 | ps [  925.47,  1031.93] hPa | |u|max   46.48 m/s | T [ 210.3,  310.1] K | div-asym  0.0e+00 |    764s
step  3450 day 11.98 | ps [  924.77,  1032.55] hPa | |u|max   46.84 m/s | T [ 210.4,  310.3] K | div-asym  0.0e+00 |    776s
STABLE: completed 12 days without blow-up.
