Grid: 127x64x20 (L=64)
dt=0:05:00, steps=3456 (12 days)
step     1 day  0.00 | ps [  999.61,  1000.39] hPa | |u|max   35.57 m/s | T [ 210.4,  309.8] K |     14s
step    50 day  0.17 | ps [  999.67,  1000.41] hPa | |u|max   35.10 m/s | T [ 210.3,  309.8] K |     87s
step   100 day  0.35 | ps [  999.66,  1000.37] hPa | |u|max   35.11 m/s | T [ 210.3,  309.8] K |    162s
step   150 day  0.52 | ps [  999.70,  1000.37] hPa | |u|max   35.07 m/s | T [ 210.3,  309.8] K |    236s
step   200 day  0.69 | ps [  999.57,  1000.51] hPa | |u|max   35.03 m/s | T [ 210.4,  309.8] K |    312s
step   250 day  0.87 | ps [  999.63,  1000.47] hPa | |u|max   35.04 m/s | T [ 210.3,  309.8] K |    391s
step   300 day  1.04 | ps [  999.63,  1000.30] hPa | |u|max   35.04 m/s | T [ 210.3,  309.8] K |    463s
step   350 day  1.22 | ps [  999.56,  1000.31] hPa | |u|max   35.02 m/s | T [ 210.3,  309.8] K |    531s
step   400 day  1.39 | ps [  999.52,  1000.27] hPa | |u|max   35.07 m/s | T [ 210.3,  309.8] K |    606s
step   450 day  1.56 | ps [  999.44,  1000.40] hPa | |u|max   35.12 m/s | T [ 210.3,  309.8] K |    683s
step   500 day  1.74 | ps [  999.46,  1000.25] hPa | |u|max   35.05 m/s | T [ 210.3,  309.8] K |    759s
step   550 day  1.91 | ps [  999.49,  1000.28] hPa | |u|max   35.03 m/s | T [ 210.3,  309.8] K |    835s
step   600 day  2.08 | ps [  999.35,  1000.38] hPa | |u|max   35.01 m/s | T [ 210.3,  309.8] K |    912s
step   650 day  2.26 | ps [  999.44,  1000.51] hPa | |u|max   35.04 m/s | T [ 210.3,  309.8] K |    987s
step   700 day  2.43 | ps [  999.31,  1000.37] hPa | |u|max   35.05 m/s | T [ 210.4,  309.8] K |   1061s
step   750 day  2.60 | ps [  999.21,  1000.37] hPa | |u|max   35.03 m/s | T [ 210.4,  309.8] K |   1136s
step   800 day  2.78 | ps [  999.20,  1000.42] hPa | |u|max   35.06 m/s | T [ 210.3,  309.8] K |   1210s
step   850 day  2.95 | ps [  999.24,  1000.57] hPa | |u|max   35.00 m/s | T [ 210.3,  309.8] K |   1276s
step   900 day  3.12 | ps [  999.00,  1000.67] hPa | |u|max   35.05 m/s | T [ 210.3,  309.8] K |   1348s
step   950 day  3.30 | ps [  998.95,  1000.66] hPa | |u|max   35.08 m/s | T [ 210.3,  309.8] K |   1415s
step  1000 day  3.47 | ps [  998.75,  1000.70] hPa | |u|max   35.04 m/s | T [ 210.4,  309.8] K |   1481s
step  1050 day  3.65 | ps [  998.63,  1000.85] hPa | |u|max   35.07 m/s | T [ 210.4,  309.8] K |   1547s
step  1100 day  3.82 | ps [  998.50,  1001.00] hPa | |u|max   35.07 m/s | T [ 210.3,  309.8] K |   1613s
step  1150 day  3.99 | ps [  998.29,  1001.09] hPa | |u|max   35.05 m/s | T [ 210.3,  309.8] K |   1679s
step  1200 day  4.17 | ps [  998.14,  1001.30] hPa | |u|max   35.09 m/s | T [ 210.4,  309.8] K |   1745s
step  1250 day  4.34 | ps [  997.89,  1001.50] hPa | |u|max   35.06 m/s | T [ 210.3,  309.8] K |   1810s
step  1300 day  4.51 | ps [  997.45,  1001.65] hPa | |u|max   35.04 m/s | T [ 210.3,  309.8] K |   1876s
step  1350 day  4.69 | ps [  997.38,  1001.97] hPa | |u|max   35.09 m/s | T [ 210.3,  309.8] K |   1942s
step  1400 day  4.86 | ps [  996.97,  1002.19] hPa | |u|max   35.05 m/s | T [ 210.4,  309.8] K |   2008s
step  1450 day  5.03 | ps [  996.65,  1002.42] hPa | |u|max   35.10 m/s | T [ 210.3,  309.8] K |   2074s
step  1500 day  5.21 | ps [  996.25,  1002.78] hPa | |u|max   35.13 m/s | T [ 210.4,  309.8] K |   2140s
step  1550 day  5.38 | ps [  995.80,  1003.14] hPa | |u|max   35.14 m/s | T [ 210.4,  309.8] K |   2206s
step  1600 day  5.56 | ps [  995.23,  1003.62] hPa | |u|max   35.16 m/s | T [ 210.3,  309.8] K |   2272s
step  1650 day  5.73 | ps [  994.62,  1004.04] hPa | |u|max   35.21 m/s | T [ 210.3,  309.8] K |   2337s
step  1700 day  5.90 | ps [  993.88,  1004.28] hPa | |u|max   35.25 m/s | T [ 210.4,  309.8] K |   2403s
step  1750 day  6.08 | ps [  993.33,  1005.03] hPa | |u|max   35.32 m/s | T [ 210.3,  309.8] K |   2469s
step  1800 day  6.25 | ps [  992.22,  1005.58] hPa | |u|max   35.37 m/s | T [ 210.3,  309.8] K |   2535s
step  1850 day  6.42 | ps [  991.21,  1006.26] hPa | |u|max   35.44 m/s | T [ 210.4,  309.8] K |   2601s
step  1900 day  6.60 | ps [  990.11,  1007.13] hPa | |u|max   35.56 m/s | T [ 210.3,  309.8] K |   2666s
step  1950 day  6.77 | ps [  988.30,  1007.71] hPa | |u|max   35.68 m/s | T [ 210.3,  309.8] K |   2732s
step  2000 day  6.94 | ps [  986.65,  1008.63] hPa | |u|max   36.80 m/s | T [ 210.4,  309.8] K |   2798s
step  2050 day  7.12 | ps [  985.00,  1009.68] hPa | |u|max   38.66 m/s | T [ 210.3,  309.8] K |   2864s
step  2100 day  7.29 | ps [  981.69,  1010.64] hPa | |u|max   42.98 m/s | T [ 210.3,  309.9] K |   2930s
step  2150 day  7.47 | ps [  978.62,  1011.56] hPa | |u|max   49.98 m/s | T [ 210.3,  309.9] K |   2996s
step  2200 day  7.64 | ps [  974.57,  1012.96] hPa | |u|max   67.40 m/s | T [ 210.4,  309.9] K |   3062s
step  2250 day  7.81 | ps [  968.12,  1021.81] hPa | |u|max   95.50 m/s | T [ 210.4,  310.0] K |   3128s
step  2300 day  7.99 | ps [  951.68,  1045.57] hPa | |u|max  141.63 m/s | T [ 208.7,  310.2] K |   3194s
step  2350 day  8.16 | ps [  910.11,  1088.48] hPa | |u|max  197.12 m/s | T [ 203.8,  311.0] K |   3260s
UNSTABLE at step 2397 (day 8.32): ps [803.6, 1141.3] hPa, |u|max 417.9 m/s
